--------------------------------------------------------------------------------------
Timing Analyzer Summary
--------------------------------------------------------------------------------------

Type           : Worst-case tco
Slack          : N/A
Required Time  : None
Actual Time    : 20.000 ns
From           : 74161:inst|f74161:sub|9
To             : Z
From Clock     : CP
To Clock       : --
Failed Paths   : 0

Type           : Worst-case tpd
Slack          : N/A
Required Time  : None
Actual Time    : 20.000 ns
From           : D7
To             : Z
From Clock     : --
To Clock       : --
Failed Paths   : 0

Type           : Clock Setup: 'CP'
Slack          : N/A
Required Time  : None
Actual Time    : Restricted to 200.00 MHz ( period = 5.000 ns )
From           : 74161:inst|f74161:sub|9
To             : 74161:inst|f74161:sub|99
From Clock     : CP
To Clock       : CP
Failed Paths   : 0

Type           : Total number of failed paths
Slack          : 
Required Time  : 
Actual Time    : 
From           : 
To             : 
From Clock     : 
To Clock       : 
Failed Paths   : 0

--------------------------------------------------------------------------------------

